env: load .env
env: export EXPO_PUBLIC_SUPABASE_URL EXPO_PUBLIC_SUPABASE_ANON_KEY
Starting project at C:\COMPUTERS\PROJECTS\Apps\SecureApp
Starting Metro Bundler
Waiting on http://localhost:8081
Logs for your project will appear below.
Web node_modules\expo\AppEntry.js ░░░░░░░░░░░░░░░░  0.0% (0/1)
Web node_modules\expo\AppEntry.js ▓▓▓▓▓▓▓▓▓▓▓▓▓▓▓░ 99.9% (379/528)
Web Bundled 6814ms node_modules\expo\AppEntry.js (1035 modules)
 LOG  [web] Logs will appear in the browser console
Web node_modules\expo\AppEntry.js ░░░░░░░░░░░░░░░░  0.0% (0/1)
Web Bundled 111ms node_modules\expo\AppEntry.js (1 module)
 LOG  [web] Logs will appear in the browser console
Web node_modules\expo\AppEntry.js ░░░░░░░░░░░░░░░░  0.0% (0/1)
Web Bundled 72ms node_modules\expo\AppEntry.js (1 module)
 LOG  [web] Logs will appear in the browser console
Web node_modules\expo\AppEntry.js ░░░░░░░░░░░░░░░░  0.0% (0/1)
Web Bundled 89ms node_modules\expo\AppEntry.js (1 module)
 LOG  [web] Logs will appear in the browser console
Web node_modules\expo\AppEntry.js ░░░░░░░░░░░░░░░░  0.0% (0/1)
Web Bundled 90ms node_modules\expo\AppEntry.js (1 module)
 LOG  [web] Logs will appear in the browser console
Web node_modules\expo\AppEntry.js ░░░░░░░░░░░░░░░░  0.0% (0/1)
Web Bundled 81ms node_modules\expo\AppEntry.js (1 module)
 LOG  [web] Logs will appear in the browser console
Web node_modules\react-native-web\dist\index.js ░░░░░░░░░░░░░░░░  0.0% (0/1)
Web Bundled 562ms node_modules\react-native-web\dist\index.js (231 modules)
Web node_modules\expo\AppEntry.js ░░░░░░░░░░░░░░░░  0.0% (0/1)
Web Bundled 218ms node_modules\expo\AppEntry.js (1 module)
 LOG  [web] Logs will appear in the browser console
Web node_modules\expo\AppEntry.js ░░░░░░░░░░░░░░░░  0.0% (0/1)
Web Bundled 244ms node_modules\expo\AppEntry.js (1 module)
 LOG  [web] Logs will appear in the browser console
Web node_modules\expo\AppEntry.js ░░░░░░░░░░░░░░░░  0.0% (0/1)
Web Bundled 97ms node_modules\expo\AppEntry.js (1 module)
 LOG  [web] Logs will appear in the browser console
Web node_modules\expo\AppEntry.js ░░░░░░░░░░░░░░░░  0.0% (0/1)
Web Bundled 105ms node_modules\expo\AppEntry.js (1 module)
 LOG  [web] Logs will appear in the browser console
Web node_modules\expo\AppEntry.js ░░░░░░░░░░░░░░░░  0.0% (0/1)
Web Bundled 190ms node_modules\expo\AppEntry.js (1 module)
 LOG  [web] Logs will appear in the browser console
Web node_modules\expo\AppEntry.js ░░░░░░░░░░░░░░░░  0.0% (0/1)
Web Bundled 69ms node_modules\expo\AppEntry.js (1 module)
 LOG  [web] Logs will appear in the browser console
Web node_modules\expo\AppEntry.js ░░░░░░░░░░░░░░░░  0.0% (0/1)
Web Bundled 591ms node_modules\expo\AppEntry.js (1 module)
 LOG  [web] Logs will appear in the browser console
Web node_modules\expo\AppEntry.js ░░░░░░░░░░░░░░░░  0.0% (0/1)
Web Bundled 116ms node_modules\expo\AppEntry.js (1 module)
 LOG  [web] Logs will appear in the browser console
Web node_modules\expo\AppEntry.js ░░░░░░░░░░░░░░░░  0.0% (0/1)
Web Bundled 756ms node_modules\expo\AppEntry.js (1 module)
 LOG  [web] Logs will appear in the browser console
Web node_modules\expo\AppEntry.js ░░░░░░░░░░░░░░░░  0.0% (0/1)
Web Bundled 59ms node_modules\expo\AppEntry.js (1 module)
 LOG  [web] Logs will appear in the browser console
Web node_modules\expo\AppEntry.js ░░░░░░░░░░░░░░░░  0.0% (0/1)
Web Bundled 48ms node_modules\expo\AppEntry.js (1 module)
 LOG  [web] Logs will appear in the browser console
Web node_modules\expo\AppEntry.js ░░░░░░░░░░░░░░░░  0.0% (0/1)
Web Bundled 75ms node_modules\expo\AppEntry.js (1 module)
 LOG  [web] Logs will appear in the browser console
Web node_modules\expo\AppEntry.js ░░░░░░░░░░░░░░░░  0.0% (0/1)
Web Bundled 50ms node_modules\expo\AppEntry.js (1 module)
 LOG  [web] Logs will appear in the browser console
Web node_modules\expo\AppEntry.js ░░░░░░░░░░░░░░░░  0.0% (0/1)
Web Bundled 58ms node_modules\expo\AppEntry.js (1 module)
 LOG  [web] Logs will appear in the browser console
Web node_modules\expo\AppEntry.js ░░░░░░░░░░░░░░░░  0.0% (0/1)
Web Bundled 1537ms node_modules\expo\AppEntry.js (1 module)
 LOG  [web] Logs will appear in the browser console
Web node_modules\expo\AppEntry.js ░░░░░░░░░░░░░░░░  0.0% (0/1)
Web Bundled 725ms node_modules\expo\AppEntry.js (1 module)
 LOG  [web] Logs will appear in the browser console
Web node_modules\expo\AppEntry.js ░░░░░░░░░░░░░░░░  0.0% (0/1)
Web Bundled 156ms node_modules\expo\AppEntry.js (1 module)
 LOG  [web] Logs will appear in the browser console
Web node_modules\expo\AppEntry.js ░░░░░░░░░░░░░░░░  0.0% (0/1)
Web Bundled 84ms node_modules\expo\AppEntry.js (1 module)
 LOG  [web] Logs will appear in the browser console
Web node_modules\expo\AppEntry.js ░░░░░░░░░░░░░░░░  0.0% (0/1)
Web Bundled 141ms node_modules\expo\AppEntry.js (1 module)
 LOG  [web] Logs will appear in the browser console
Web node_modules\expo\AppEntry.js ░░░░░░░░░░░░░░░░  0.0% (0/1)
Web Bundled 68ms node_modules\expo\AppEntry.js (1 module)
 LOG  [web] Logs will appear in the browser console
Web node_modules\expo\AppEntry.js ░░░░░░░░░░░░░░░░  0.0% (0/1)
Web Bundled 70ms node_modules\expo\AppEntry.js (1 module)
 LOG  [web] Logs will appear in the browser console
Web node_modules\expo\AppEntry.js ░░░░░░░░░░░░░░░░  0.0% (0/1)
Web Bundled 157ms node_modules\expo\AppEntry.js (1 module)
 LOG  [web] Logs will appear in the browser console
Web node_modules\expo\AppEntry.js ░░░░░░░░░░░░░░░░  0.0% (0/1)
Web Bundled 114ms node_modules\expo\AppEntry.js (1 module)
 LOG  [web] Logs will appear in the browser console
Web node_modules\expo\AppEntry.js ░░░░░░░░░░░░░░░░  0.0% (0/1)
Web Bundled 43ms node_modules\expo\AppEntry.js (1 module)
 LOG  [web] Logs will appear in the browser console
Web node_modules\expo\AppEntry.js ░░░░░░░░░░░░░░░░  0.0% (0/1)
Web Bundled 114ms node_modules\expo\AppEntry.js (1 module)
 LOG  [web] Logs will appear in the browser console
Web node_modules\expo\AppEntry.js ░░░░░░░░░░░░░░░░  0.0% (0/1)
Web Bundled 172ms node_modules\expo\AppEntry.js (1 module)
 LOG  [web] Logs will appear in the browser console
Web node_modules\expo\AppEntry.js ░░░░░░░░░░░░░░░░  0.0% (0/1)
Web Bundled 124ms node_modules\expo\AppEntry.js (1 module)
 LOG  [web] Logs will appear in the browser console
Web node_modules\expo\AppEntry.js ░░░░░░░░░░░░░░░░  0.0% (0/1)
Web Bundled 73ms node_modules\expo\AppEntry.js (1 module)
 LOG  [web] Logs will appear in the browser console
Web node_modules\expo\AppEntry.js ░░░░░░░░░░░░░░░░  0.0% (0/1)
Web Bundled 51ms node_modules\expo\AppEntry.js (1 module)
 LOG  [web] Logs will appear in the browser console
Web node_modules\expo\AppEntry.js ░░░░░░░░░░░░░░░░  0.0% (0/1)
Web Bundled 74ms node_modules\expo\AppEntry.js (1 module)
 LOG  [web] Logs will appear in the browser console
Web node_modules\expo\AppEntry.js ░░░░░░░░░░░░░░░░  0.0% (0/1)
Web Bundled 98ms node_modules\expo\AppEntry.js (1 module)
 LOG  [web] Logs will appear in the browser console
Web node_modules\expo\AppEntry.js ░░░░░░░░░░░░░░░░  0.0% (0/1)
Web Bundled 76ms node_modules\expo\AppEntry.js (1 module)
 LOG  [web] Logs will appear in the browser console
Web node_modules\expo\AppEntry.js ░░░░░░░░░░░░░░░░  0.0% (0/1)
Web Bundled 75ms node_modules\expo\AppEntry.js (1 module)
 LOG  [web] Logs will appear in the browser console
Web node_modules\expo\AppEntry.js ░░░░░░░░░░░░░░░░  0.0% (0/1)
Web Bundled 65ms node_modules\expo\AppEntry.js (1 module)
 LOG  [web] Logs will appear in the browser console
Web node_modules\expo\AppEntry.js ░░░░░░░░░░░░░░░░  0.0% (0/1)
Web Bundled 83ms node_modules\expo\AppEntry.js (1 module)
 LOG  [web] Logs will appear in the browser console
Web node_modules\expo\AppEntry.js ░░░░░░░░░░░░░░░░  0.0% (0/1)
Web Bundled 145ms node_modules\expo\AppEntry.js (1 module)
 LOG  [web] Logs will appear in the browser console
Web node_modules\expo\AppEntry.js ░░░░░░░░░░░░░░░░  0.0% (0/1)
Web Bundled 117ms node_modules\expo\AppEntry.js (1 module)
 LOG  [web] Logs will appear in the browser console
Web node_modules\expo\AppEntry.js ░░░░░░░░░░░░░░░░  0.0% (0/1)
Web Bundled 139ms node_modules\expo\AppEntry.js (1 module)
 LOG  [web] Logs will appear in the browser console
Web node_modules\expo\AppEntry.js ░░░░░░░░░░░░░░░░  0.0% (0/1)
Web Bundled 100ms node_modules\expo\AppEntry.js (1 module)
 LOG  [web] Logs will appear in the browser console
Web node_modules\expo\AppEntry.js ░░░░░░░░░░░░░░░░  0.0% (0/1)
Web Bundled 88ms node_modules\expo\AppEntry.js (1 module)
 LOG  [web] Logs will appear in the browser console
Web node_modules\expo\AppEntry.js ░░░░░░░░░░░░░░░░  0.0% (0/1)
Web Bundled 64ms node_modules\expo\AppEntry.js (1 module)
 LOG  [web] Logs will appear in the browser console
Web Bundled 59ms node_modules\expo\AppEntry.js (1 module)
 LOG  [web] Logs will appear in the browser console
Web node_modules\expo\AppEntry.js ░░░░░░░░░░░░░░░░  0.0% (0/1)
Web Bundled 73ms node_modules\expo\AppEntry.js (1 module)
 LOG  [web] Logs will appear in the browser console
Web node_modules\expo\AppEntry.js ░░░░░░░░░░░░░░░░  0.0% (0/1)
Web Bundled 148ms node_modules\expo\AppEntry.js (1 module)
 LOG  [web] Logs will appear in the browser console
Web node_modules\expo\AppEntry.js ░░░░░░░░░░░░░░░░  0.0% (0/1)
Web Bundled 73ms node_modules\expo\AppEntry.js (1 module)
 LOG  [web] Logs will appear in the browser console
Web node_modules\expo\AppEntry.js ░░░░░░░░░░░░░░░░  0.0% (0/1)
Web Bundled 69ms node_modules\expo\AppEntry.js (1 module)
 LOG  [web] Logs will appear in the browser console
Web node_modules\expo\AppEntry.js ░░░░░░░░░░░░░░░░  0.0% (0/1)
Web Bundled 55ms node_modules\expo\AppEntry.js (1 module)
 LOG  [web] Logs will appear in the browser console
Web node_modules\expo\AppEntry.js ░░░░░░░░░░░░░░░░  0.0% (0/1)
Web Bundled 57ms node_modules\expo\AppEntry.js (1 module)
 LOG  [web] Logs will appear in the browser console
Web node_modules\expo\AppEntry.js ░░░░░░░░░░░░░░░░  0.0% (0/1)
Web Bundled 73ms node_modules\expo\AppEntry.js (1 module)
 LOG  [web] Logs will appear in the browser console
Web node_modules\expo\AppEntry.js ░░░░░░░░░░░░░░░░  0.0% (0/1)
Web Bundled 57ms node_modules\expo\AppEntry.js (1 module)
 LOG  [web] Logs will appear in the browser console
Web node_modules\expo\AppEntry.js ░░░░░░░░░░░░░░░░  0.0% (0/1)
Web Bundled 56ms node_modules\expo\AppEntry.js (1 module)
 LOG  [web] Logs will appear in the browser console
Web node_modules\expo\AppEntry.js ░░░░░░░░░░░░░░░░  0.0% (0/1)
Web Bundled 64ms node_modules\expo\AppEntry.js (1 module)
 LOG  [web] Logs will appear in the browser console
Web node_modules\expo\AppEntry.js ░░░░░░░░░░░░░░░░  0.0% (0/1)
Web Bundled 59ms node_modules\expo\AppEntry.js (1 module)
 LOG  [web] Logs will appear in the browser console
Web node_modules\expo\AppEntry.js ░░░░░░░░░░░░░░░░  0.0% (0/1)
Web Bundled 84ms node_modules\expo\AppEntry.js (1 module)
 LOG  [web] Logs will appear in the browser console
Web node_modules\expo\AppEntry.js ░░░░░░░░░░░░░░░░  0.0% (0/1)
Web Bundled 64ms node_modules\expo\AppEntry.js (1 module)
 LOG  [web] Logs will appear in the browser console
Web node_modules\expo\AppEntry.js ░░░░░░░░░░░░░░░░  0.0% (0/1)
Web Bundled 79ms node_modules\expo\AppEntry.js (1 module)
 LOG  [web] Logs will appear in the browser console
Web node_modules\expo\AppEntry.js ░░░░░░░░░░░░░░░░  0.0% (0/1)
Web Bundled 70ms node_modules\expo\AppEntry.js (1 module)
 LOG  [web] Logs will appear in the browser console
Web node_modules\expo\AppEntry.js ░░░░░░░░░░░░░░░░  0.0% (0/1)
Web Bundled 56ms node_modules\expo\AppEntry.js (1 module)
 LOG  [web] Logs will appear in the browser console
Web node_modules\expo\AppEntry.js ░░░░░░░░░░░░░░░░  0.0% (0/1)
Web Bundled 102ms node_modules\expo\AppEntry.js (1 module)
 LOG  [web] Logs will appear in the browser console
Web node_modules\expo\AppEntry.js ░░░░░░░░░░░░░░░░  0.0% (0/1)
Web Bundled 116ms node_modules\expo\AppEntry.js (1 module)
 LOG  [web] Logs will appear in the browser console
Web node_modules\expo\AppEntry.js ░░░░░░░░░░░░░░░░  0.0% (0/1)
Web Bundled 207ms node_modules\expo\AppEntry.js (1 module)
 LOG  [web] Logs will appear in the browser console
